🏠 MONTGOMERY ANALYSIS - COMPLETELY SILENT
==========================================
📍 Address: 6901 Eastern Shore Rd, Montgomery, AL 36117

🔇 STARTING COMPLETELY SILENT SEARCH...
=====================================
✅ Service initialized (all output captured)
✅ Silent search completed in 124387ms
📊 Total captured log entries: 497

🔍 ANALYZING CAPTURED LOGS
==========================
📈 PHASE BREAKDOWN:
   initialization: 3 log entries
   subjectDetails: 2 log entries
   searchLevels: 2 log entries
   vertexSearches: 2 log entries
   propertyFiltering: 157 log entries
   errors: 10 log entries
   finalResults: 13 log entries

🎯 SEARCH LEVELS EXECUTED:
   Level 1: Tight Local
   Level 2: Extended Local

🚀 VERTEX AI API CALLS:
   Batch: 6 parallel searches
   Batch: 6 parallel searches
   Total API calls: 12

🏠 PROPERTY PROCESSING:
   Properties evaluated: 157
   Qualified: 51
   Rejected: 1

📊 SEARCH RESULTS:
   ✅ Search completed successfully
   All comps found: 7
   Qualified comps: 7
   ARV calculated: Yes
   ARV estimate: $N/A
   ARV confidence: high
   Search strategy: progressive_expansion
   Quality score: excellent

⏱️  Total execution time: 124387ms

🎯 SILENT ANALYSIS COMPLETE
===========================
✅ Successfully captured 497 log entries
📈 Analysis completed in 124387ms (124387ms search)
🔇 No flashing output during execution
