🏠 OAK LAWN, IL PROPERTY ANALYSIS
=================================
📍 Address: 5849 W 90th St, Oak Lawn, IL 60453

🔇 STARTING COMPREHENSIVE ANALYSIS...
===================================

📊 OAK LAWN ANALYSIS RESULTS
===========================
⏱️  Total time: 196906ms (196.9s)
📊 Log entries captured: 283
🔢 All comps found: 6
✅ Qualified comps: 6
💰 ARV calculated: Yes
💰 ARV estimate: $263,809
💰 ARV confidence: high
🎯 Search strategy: progressive_expansion
📊 Quality score: excellent
🔍 Search levels: 2

🏠 QUALIFIED COMPARABLE PROPERTIES:
==================================
1. 6337 W 90th St, Oak Lawn, IL 60453
   💰 $300,000 | 📐 1,635sqft
   🏠 3BR/2BA | 📅 Built: 1957
   📍 0.59mi | 💲 $183.49/sqft

2. 9560 McVicker Ave, Oak Lawn, IL 60453
   💰 $253,000 | 📐 1,720sqft
   🏠 4BR/2BA | 📅 Built: 1948
   📍 0.76mi | 💲 $147.09/sqft

3. 9116 S 53rd Ct, Oak Lawn, IL 60453
   💰 $289,000 | 📐 1,274sqft
   🏠 3BR/2BA | 📅 Built: 1949
   📍 0.68mi | 💲 $226.84/sqft

4. 8937 McVicker Ave, Oak Lawn, IL 60453
   💰 $299,900 | 📐 1,603sqft
   🏠 4BR/2BA | 📅 Built: 1954
   📍 0.19mi | 💲 $187.09/sqft

5. 9100 S 50th Ave, Oak Lawn, IL 60453
   💰 $380,000 | 📐 1,950sqft
   🏠 4BR/2BA | 📅 Built: 1953
   📍 1.11mi | 💲 $194.87/sqft

6. 9220 S 49th Ave, Oak Lawn, IL 60453
   💰 $300,000 | 📐 1,583sqft
   🏠 2BR/2BA | 📅 Built: 1953
   📍 1.26mi | 💲 $189.51/sqft

📈 MARKET SUMMARY:
   Average price: $303,650
   Average size: 1,628 sqft
   Average PPSF: $186.57
   Price range: $253,000 - $380,000

🔧 RENOVATION ANALYSIS:
   Likely renovated: 6
   Market average: 0
   Likely unrenovated: 0

🎯 OAK LAWN ANALYSIS COMPLETE
============================
✅ Analysis completed successfully
