🏠 MONTGOMERY ANALYSIS - COMPLETELY SILENT
==========================================
📍 Address: 6901 Eastern Shore Rd, Montgomery, AL 36117

🔇 STARTING COMPLETELY SILENT SEARCH...
=====================================
✅ Service initialized (all output captured)
✅ Silent search completed in 109158ms
📊 Total captured log entries: 507

🔍 ANALYZING CAPTURED LOGS
==========================
📈 PHASE BREAKDOWN:
   initialization: 3 log entries
   subjectDetails: 2 log entries
   searchLevels: 2 log entries
   vertexSearches: 2 log entries
   propertyFiltering: 161 log entries
   errors: 16 log entries
   finalResults: 13 log entries

🎯 SEARCH LEVELS EXECUTED:
   Level 1: Tight Local
   Level 2: Extended Local

🚀 VERTEX AI API CALLS:
   Batch: 6 parallel searches
   Batch: 6 parallel searches
   Total API calls: 12

🏠 PROPERTY PROCESSING:
   Properties evaluated: 161
   Qualified: 53
   Rejected: 0

📊 SEARCH RESULTS:
   ✅ Search completed successfully
   All comps found: 9
   Qualified comps: 9
   ARV calculated: Yes
   ARV estimate: $N/A
   ARV confidence: high
   Search strategy: progressive_expansion
   Quality score: excellent

⏱️  Total execution time: 109158ms

🎯 SILENT ANALYSIS COMPLETE
===========================
✅ Successfully captured 507 log entries
📈 Analysis completed in 109158ms (109158ms search)
🔇 No flashing output during execution
