🏠 MONTGOMERY ANALYSIS - COMPLETELY SILENT
==========================================
📍 Address: 6901 Eastern Shore Rd, Montgomery, AL 36117

🔇 STARTING COMPLETELY SILENT SEARCH...
=====================================
✅ Service initialized (all output captured)
✅ Silent search completed in 115372ms
📊 Total captured log entries: 510

🔍 ANALYZING CAPTURED LOGS
==========================
📈 PHASE BREAKDOWN:
   initialization: 3 log entries
   subjectDetails: 2 log entries
   searchLevels: 2 log entries
   vertexSearches: 2 log entries
   propertyFiltering: 169 log entries
   errors: 9 log entries
   finalResults: 13 log entries

🎯 SEARCH LEVELS EXECUTED:
   Level 1: Tight Local
   Level 2: Extended Local

🚀 VERTEX AI API CALLS:
   Batch: 6 parallel searches
   Batch: 6 parallel searches
   Total API calls: 12

🏠 PROPERTY PROCESSING:
   Properties evaluated: 169
   Qualified: 55
   Rejected: 1

📊 SEARCH RESULTS:
   ✅ Search completed successfully
   All comps found: 7
   Qualified comps: 6
   ARV calculated: Yes
   ARV estimate: $175,125
   ARV confidence: high
   Search strategy: progressive_expansion
   Quality score: excellent

⏱️  Total execution time: 115373ms

🎯 SILENT ANALYSIS COMPLETE
===========================
✅ Successfully captured 510 log entries
📈 Analysis completed in 115373ms (115372ms search)
🔇 No flashing output during execution
