🏠 OAK LAWN, IL PROPERTY ANALYSIS
=================================
📍 Address: 5849 W 90th St, Oak Lawn, IL 60453

🔇 STARTING COMPREHENSIVE ANALYSIS...
===================================

📊 OAK LAWN ANALYSIS RESULTS
===========================
⏱️  Total time: 85455ms (85.5s)
📊 Log entries captured: 279
🔢 All comps found: 7
✅ Qualified comps: 7
💰 ARV calculated: Yes
💰 ARV estimate: $348,943
💰 ARV confidence: medium
🎯 Search strategy: progressive_expansion
📊 Quality score: excellent
🔍 Search levels: 1

🏠 QUALIFIED COMPARABLE PROPERTIES:
==================================
1. 5848 W 89th St, Oak Lawn, IL 60453
   💰 $295,000 | 📐 1,400sqft
   🏠 3BR/2BA | 📅 Built: 1958
   📍 0.15mi | 💲 $210.71/sqft

2. 5907 W 89th St, Oak Lawn, IL 60453
   💰 $226,000 | 📐 1,458sqft
   🏠 3BR/2BA | 📅 Built: 1946
   📍 0.13mi | 💲 $155.01/sqft

3. 9237 Menard Ave, Oak Lawn, IL 60453
   💰 $309,000 | 📐 1,516sqft
   🏠 3BR/2BA | 📅 Built: 1963
   📍 0.36mi | 💲 $203.83/sqft

4. 5424 Otto Pl, Oak Lawn, IL 60453
   💰 $335,000 | 📐 1,364sqft
   🏠 4BR/2BA | 📅 Built: 1951
   📍 0.53mi | 💲 $245.60/sqft

5. 8948 S 55th Ct, Oak Lawn, IL 60453
   💰 $365,000 | 📐 1,965sqft
   🏠 3BR/1BA | 📅 Built: 1955
   📍 0.43mi | 💲 $185.75/sqft

6. 6631 W 89th Pl, Oak Lawn, IL 60453
   💰 $335,000 | 📐 1,778sqft
   🏠 3BR/2BA | 📅 Built: 1959
   📍 0.98mi | 💲 $188.41/sqft

7. 9220 S 49th Ave, Oak Lawn, IL 60453
   💰 $300,000 | 📐 1,583sqft
   🏠 2BR/2BA | 📅 Built: 1953
   📍 1.26mi | 💲 $189.51/sqft

📈 MARKET SUMMARY:
   Average price: $309,286
   Average size: 1,581 sqft
   Average PPSF: $195.68
   Price range: $226,000 - $365,000

🔧 RENOVATION ANALYSIS:
   Likely renovated: 3
   Market average: 3
   Likely unrenovated: 1

🎯 OAK LAWN ANALYSIS COMPLETE
============================
✅ Analysis completed successfully
