
> frontend@0.1.1 worker
> tsx src/server/worker.ts

🔧 PHASE 2: JobLogger initialized with AsyncLocalStorage
   BEFORE: Global variable caused 85% log contamination in job 11e48fb1
   AFTER: Each async operation has isolated job context
🔧 [AGENT_INIT_START] Creating custom Vertex HTTP agent...
[32minfo[39m: 🔧 [AGENT_INIT_START] Creating custom Vertex HTTP agent... {"environment":"development","service":"propertyvision-backend","source":"jobLog","timestamp":"2025-11-12T07:11:07.825Z"}
✅ [AGENT_INIT_SUCCESS] Vertex HTTP agent created
[32minfo[39m: ✅ [AGENT_INIT_SUCCESS] Vertex HTTP agent created {"environment":"development","service":"propertyvision-backend","source":"jobLog","timestamp":"2025-11-12T07:11:07.828Z"}
🔧 [AGENT_CONFIG] maxSockets=10, maxFreeSockets=5, keepAlive=true
[32minfo[39m: 🔧 [AGENT_CONFIG] maxSockets=10, maxFreeSockets=5, keepAlive=true {"environment":"development","service":"propertyvision-backend","source":"jobLog","timestamp":"2025-11-12T07:11:07.828Z"}
🔧 MIN_IDLE_MS Configuration: 28000ms (4x heartbeat interval)
   HEARTBEAT_MS: 7000ms
   MIN_IDLE_MS: 28000ms (safe buffer for crash recovery)
🚀 Starting job worker...
[32minfo[39m: 🚀 Starting job worker... {"environment":"development","service":"propertyvision-backend","source":"jobLog","timestamp":"2025-11-12T07:11:07.875Z"}
🚀 PARALLEL SEARCH ORCHESTRATOR initialized:
[32minfo[39m: 🚀 PARALLEL SEARCH ORCHESTRATOR initialized: {"environment":"development","service":"propertyvision-backend","source":"jobLog","timestamp":"2025-11-12T07:11:07.875Z"}
   Vertex concurrency: 80
[32minfo[39m:    Vertex concurrency: 80 {"environment":"development","service":"propertyvision-backend","source":"jobLog","timestamp":"2025-11-12T07:11:07.875Z"}
   Geocode concurrency: 20
[32minfo[39m:    Geocode concurrency: 20 {"environment":"development","service":"propertyvision-backend","source":"jobLog","timestamp":"2025-11-12T07:11:07.875Z"}
   Levels: 1,2,3,4
[32minfo[39m:    Levels: 1,2,3,4 {"environment":"development","service":"propertyvision-backend","source":"jobLog","timestamp":"2025-11-12T07:11:07.876Z"}

🚀 COMPREHENSIVE COMPARABLE SEARCH V10 INITIALIZED
[32minfo[39m: 
🚀 COMPREHENSIVE COMPARABLE SEARCH V10 INITIALIZED {"environment":"development","service":"propertyvision-backend","source":"jobLog","timestamp":"2025-11-12T07:11:07.876Z"}
   Parallel search enabled: true
[32minfo[39m:    Parallel search enabled: true {"environment":"development","service":"propertyvision-backend","source":"jobLog","timestamp":"2025-11-12T07:11:07.876Z"}
   Vertex concurrency: 80
[32minfo[39m:    Vertex concurrency: 80 {"environment":"development","service":"propertyvision-backend","source":"jobLog","timestamp":"2025-11-12T07:11:07.876Z"}
   Levels: 1,2,3,4
[32minfo[39m:    Levels: 1,2,3,4 {"environment":"development","service":"propertyvision-backend","source":"jobLog","timestamp":"2025-11-12T07:11:07.877Z"}
✅ JobQueue initialized with V10 (Parallel Search)
[32minfo[39m: ✅ JobQueue initialized with V10 (Parallel Search) {"environment":"development","service":"propertyvision-backend","source":"jobLog","timestamp":"2025-11-12T07:11:07.877Z"}
🔧 [CONCURRENCY_CONFIG] Max concurrent jobs: 3 (env: PV_MAX_CONCURRENT_JOBS)
[32minfo[39m: 🔧 [CONCURRENCY_CONFIG] Max concurrent jobs: 3 (env: PV_MAX_CONCURRENT_JOBS) {"environment":"development","service":"propertyvision-backend","source":"jobLog","timestamp":"2025-11-12T07:11:07.877Z"}
node:events:497
      throw er; // Unhandled 'error' event
      ^

Error: listen EADDRINUSE: address already in use 0.0.0.0:8080
    at Server.setupListenHandle [as _listen2] (node:net:1940:16)
    at listenInCluster (node:net:1997:12)
    at node:net:2206:7
    at process.processTicksAndRejections (node:internal/process/task_queues:90:21)
Emitted 'error' event on Server instance at:
    at emitErrorNT (node:net:1976:8)
    at process.processTicksAndRejections (node:internal/process/task_queues:90:21) {
  code: 'EADDRINUSE',
  errno: -48,
  syscall: 'listen',
  address: '0.0.0.0',
  port: 8080
}

Node.js v22.19.0
